Analysis & Synthesis report for LCD_Tetris
Sat Jan 07 17:28:07 2017
Quartus II Version 9.1 Build 350 03/24/2010 Service Pack 2 SJ Web Edition


---------------------
; Table of Contents ;
---------------------
  1. Legal Notice
  2. Analysis & Synthesis Summary
  3. Analysis & Synthesis Settings
  4. Parallel Compilation
  5. Analysis & Synthesis Source Files Read
  6. Analysis & Synthesis Resource Usage Summary
  7. Analysis & Synthesis Resource Utilization by Entity
  8. Logic Cells Representing Combinational Loops
  9. Registers Removed During Synthesis
 10. General Register Statistics
 11. Inverted Register Statistics
 12. Multiplexer Restructuring Statistics (Restructuring Performed)
 13. Parameter Settings for Inferred Entity Instance: BZ:u1|lpm_divide:Div0
 14. Parameter Settings for Inferred Entity Instance: lpm_divide:Div0
 15. Parameter Settings for Inferred Entity Instance: lpm_divide:Mod0
 16. Parameter Settings for Inferred Entity Instance: lpm_divide:Div1
 17. Parameter Settings for Inferred Entity Instance: lpm_divide:Mod1
 18. Parameter Settings for Inferred Entity Instance: lpm_divide:Div3
 19. Parameter Settings for Inferred Entity Instance: lpm_divide:Div2
 20. Analysis & Synthesis Messages



----------------
; Legal Notice ;
----------------
Copyright (C) 1991-2010 Altera Corporation
Your use of Altera Corporation's design tools, logic functions 
and other software and tools, and its AMPP partner logic 
functions, and any output files from any of the foregoing 
(including device programming or simulation files), and any 
associated documentation or information are expressly subject 
to the terms and conditions of the Altera Program License 
Subscription Agreement, Altera MegaCore Function License 
Agreement, or other applicable license agreement, including, 
without limitation, that your use is for the sole purpose of 
programming logic devices manufactured by Altera and sold by 
Altera or its authorized distributors.  Please refer to the 
applicable agreement for further details.



+-----------------------------------------------------------------------------------+
; Analysis & Synthesis Summary                                                      ;
+------------------------------------+----------------------------------------------+
; Analysis & Synthesis Status        ; Successful - Sat Jan 07 17:28:06 2017        ;
; Quartus II Version                 ; 9.1 Build 350 03/24/2010 SP 2 SJ Web Edition ;
; Revision Name                      ; LCD_Tetris                                   ;
; Top-level Entity Name              ; LCD_Tetris                                   ;
; Family                             ; Cyclone III                                  ;
; Total logic elements               ; 10,977                                       ;
;     Total combinational functions  ; 10,969                                       ;
;     Dedicated logic registers      ; 986                                          ;
; Total registers                    ; 986                                          ;
; Total pins                         ; 41                                           ;
; Total virtual pins                 ; 0                                            ;
; Total memory bits                  ; 0                                            ;
; Embedded Multiplier 9-bit elements ; 0                                            ;
; Total PLLs                         ; 0                                            ;
+------------------------------------+----------------------------------------------+


+----------------------------------------------------------------------------------------------------------------------+
; Analysis & Synthesis Settings                                                                                        ;
+----------------------------------------------------------------------------+--------------------+--------------------+
; Option                                                                     ; Setting            ; Default Value      ;
+----------------------------------------------------------------------------+--------------------+--------------------+
; Device                                                                     ; EP3C16Q240C8       ;                    ;
; Top-level entity name                                                      ; LCD_Tetris         ; LCD_Tetris         ;
; Family name                                                                ; Cyclone III        ; Stratix II         ;
; Use Generated Physical Constraints File                                    ; Off                ;                    ;
; Use smart compilation                                                      ; Off                ; Off                ;
; Enable parallel Assembler and TimeQuest Timing Analyzer during compilation ; On                 ; On                 ;
; Enable compact report table                                                ; Off                ; Off                ;
; Restructure Multiplexers                                                   ; Auto               ; Auto               ;
; Create Debugging Nodes for IP Cores                                        ; Off                ; Off                ;
; Preserve fewer node names                                                  ; On                 ; On                 ;
; Disable OpenCore Plus hardware evaluation                                  ; Off                ; Off                ;
; Verilog Version                                                            ; Verilog_2001       ; Verilog_2001       ;
; VHDL Version                                                               ; VHDL_1993          ; VHDL_1993          ;
; State Machine Processing                                                   ; Auto               ; Auto               ;
; Safe State Machine                                                         ; Off                ; Off                ;
; Extract Verilog State Machines                                             ; On                 ; On                 ;
; Extract VHDL State Machines                                                ; On                 ; On                 ;
; Ignore Verilog initial constructs                                          ; Off                ; Off                ;
; Iteration limit for constant Verilog loops                                 ; 5000               ; 5000               ;
; Iteration limit for non-constant Verilog loops                             ; 250                ; 250                ;
; Add Pass-Through Logic to Inferred RAMs                                    ; On                 ; On                 ;
; Parallel Synthesis                                                         ; On                 ; On                 ;
; DSP Block Balancing                                                        ; Auto               ; Auto               ;
; NOT Gate Push-Back                                                         ; On                 ; On                 ;
; Power-Up Don't Care                                                        ; On                 ; On                 ;
; Remove Redundant Logic Cells                                               ; Off                ; Off                ;
; Remove Duplicate Registers                                                 ; On                 ; On                 ;
; Ignore CARRY Buffers                                                       ; Off                ; Off                ;
; Ignore CASCADE Buffers                                                     ; Off                ; Off                ;
; Ignore GLOBAL Buffers                                                      ; Off                ; Off                ;
; Ignore ROW GLOBAL Buffers                                                  ; Off                ; Off                ;
; Ignore LCELL Buffers                                                       ; Off                ; Off                ;
; Ignore SOFT Buffers                                                        ; On                 ; On                 ;
; Limit AHDL Integers to 32 Bits                                             ; Off                ; Off                ;
; Optimization Technique                                                     ; Balanced           ; Balanced           ;
; Carry Chain Length                                                         ; 70                 ; 70                 ;
; Auto Carry Chains                                                          ; On                 ; On                 ;
; Auto Open-Drain Pins                                                       ; On                 ; On                 ;
; Perform WYSIWYG Primitive Resynthesis                                      ; Off                ; Off                ;
; Auto ROM Replacement                                                       ; On                 ; On                 ;
; Auto RAM Replacement                                                       ; On                 ; On                 ;
; Auto DSP Block Replacement                                                 ; On                 ; On                 ;
; Auto Shift Register Replacement                                            ; Auto               ; Auto               ;
; Auto Clock Enable Replacement                                              ; On                 ; On                 ;
; Strict RAM Replacement                                                     ; Off                ; Off                ;
; Allow Synchronous Control Signals                                          ; On                 ; On                 ;
; Force Use of Synchronous Clear Signals                                     ; Off                ; Off                ;
; Auto RAM Block Balancing                                                   ; On                 ; On                 ;
; Auto RAM to Logic Cell Conversion                                          ; Off                ; Off                ;
; Auto Resource Sharing                                                      ; Off                ; Off                ;
; Allow Any RAM Size For Recognition                                         ; Off                ; Off                ;
; Allow Any ROM Size For Recognition                                         ; Off                ; Off                ;
; Allow Any Shift Register Size For Recognition                              ; Off                ; Off                ;
; Use LogicLock Constraints during Resource Balancing                        ; On                 ; On                 ;
; Ignore translate_off and synthesis_off directives                          ; Off                ; Off                ;
; Timing-Driven Synthesis                                                    ; On                 ; On                 ;
; Show Parameter Settings Tables in Synthesis Report                         ; On                 ; On                 ;
; Ignore Maximum Fan-Out Assignments                                         ; Off                ; Off                ;
; Synchronization Register Chain Length                                      ; 2                  ; 2                  ;
; PowerPlay Power Optimization                                               ; Normal compilation ; Normal compilation ;
; HDL message level                                                          ; Level2             ; Level2             ;
; Suppress Register Optimization Related Messages                            ; Off                ; Off                ;
; Number of Removed Registers Reported in Synthesis Report                   ; 5000               ; 5000               ;
; Number of Inverted Registers Reported in Synthesis Report                  ; 100                ; 100                ;
; Clock MUX Protection                                                       ; On                 ; On                 ;
; Auto Gated Clock Conversion                                                ; Off                ; Off                ;
; Block Design Naming                                                        ; Auto               ; Auto               ;
; SDC constraint protection                                                  ; Off                ; Off                ;
; Synthesis Effort                                                           ; Auto               ; Auto               ;
; Shift Register Replacement - Allow Asynchronous Clear Signal               ; On                 ; On                 ;
; Analysis & Synthesis Message Level                                         ; Medium             ; Medium             ;
; Disable Register Merging Across Hierarchies                                ; Auto               ; Auto               ;
; Resource Aware Inference For Block RAM                                     ; On                 ; On                 ;
+----------------------------------------------------------------------------+--------------------+--------------------+


Parallel compilation was disabled, but you have multiple processors available. Enable parallel compilation to reduce compilation time.
+-------------------------------------+
; Parallel Compilation                ;
+----------------------------+--------+
; Processors                 ; Number ;
+----------------------------+--------+
; Number detected on machine ; 4      ;
; Maximum allowed            ; 1      ;
+----------------------------+--------+


+-----------------------------------------------------------------------------------------------------------------------------------------------------+
; Analysis & Synthesis Source Files Read                                                                                                              ;
+----------------------------------+-----------------+------------------------------+-----------------------------------------------------------------+
; File Name with User-Entered Path ; Used in Netlist ; File Type                    ; File Name with Absolute Path                                    ;
+----------------------------------+-----------------+------------------------------+-----------------------------------------------------------------+
; LCD_Tetris.vhd                   ; yes             ; User VHDL File               ; D:/桌面/文字型LCD FPGA 遊戲機 畫圖法/LCD_Tetris.vhd             ;
; BZ.vhd                           ; yes             ; User VHDL File               ; D:/桌面/文字型LCD FPGA 遊戲機 畫圖法/BZ.vhd                     ;
; lcm_pic.vhd                      ; yes             ; Auto-Found VHDL File         ; D:/桌面/文字型LCD FPGA 遊戲機 畫圖法/lcm_pic.vhd                ;
; lpm_divide.tdf                   ; yes             ; Megafunction                 ; c:/altera/91sp2/quartus/libraries/megafunctions/lpm_divide.tdf  ;
; db/lpm_divide_7jm.tdf            ; yes             ; Auto-Generated Megafunction  ; D:/桌面/文字型LCD FPGA 遊戲機 畫圖法/db/lpm_divide_7jm.tdf      ;
; db/sign_div_unsign_8nh.tdf       ; yes             ; Auto-Generated Megafunction  ; D:/桌面/文字型LCD FPGA 遊戲機 畫圖法/db/sign_div_unsign_8nh.tdf ;
; db/alt_u_div_r8f.tdf             ; yes             ; Auto-Generated Megafunction  ; D:/桌面/文字型LCD FPGA 遊戲機 畫圖法/db/alt_u_div_r8f.tdf       ;
; db/add_sub_unc.tdf               ; yes             ; Auto-Generated Megafunction  ; D:/桌面/文字型LCD FPGA 遊戲機 畫圖法/db/add_sub_unc.tdf         ;
; db/add_sub_vnc.tdf               ; yes             ; Auto-Generated Megafunction  ; D:/桌面/文字型LCD FPGA 遊戲機 畫圖法/db/add_sub_vnc.tdf         ;
; db/lpm_divide_mhm.tdf            ; yes             ; Auto-Generated Megafunction  ; D:/桌面/文字型LCD FPGA 遊戲機 畫圖法/db/lpm_divide_mhm.tdf      ;
; db/sign_div_unsign_nlh.tdf       ; yes             ; Auto-Generated Megafunction  ; D:/桌面/文字型LCD FPGA 遊戲機 畫圖法/db/sign_div_unsign_nlh.tdf ;
; db/alt_u_div_p5f.tdf             ; yes             ; Auto-Generated Megafunction  ; D:/桌面/文字型LCD FPGA 遊戲機 畫圖法/db/alt_u_div_p5f.tdf       ;
; db/lpm_divide_3bm.tdf            ; yes             ; Auto-Generated Megafunction  ; D:/桌面/文字型LCD FPGA 遊戲機 畫圖法/db/lpm_divide_3bm.tdf      ;
; db/sign_div_unsign_1nh.tdf       ; yes             ; Auto-Generated Megafunction  ; D:/桌面/文字型LCD FPGA 遊戲機 畫圖法/db/sign_div_unsign_1nh.tdf ;
; db/alt_u_div_d8f.tdf             ; yes             ; Auto-Generated Megafunction  ; D:/桌面/文字型LCD FPGA 遊戲機 畫圖法/db/alt_u_div_d8f.tdf       ;
; db/lpm_divide_jhm.tdf            ; yes             ; Auto-Generated Megafunction  ; D:/桌面/文字型LCD FPGA 遊戲機 畫圖法/db/lpm_divide_jhm.tdf      ;
; db/sign_div_unsign_klh.tdf       ; yes             ; Auto-Generated Megafunction  ; D:/桌面/文字型LCD FPGA 遊戲機 畫圖法/db/sign_div_unsign_klh.tdf ;
; db/alt_u_div_j5f.tdf             ; yes             ; Auto-Generated Megafunction  ; D:/桌面/文字型LCD FPGA 遊戲機 畫圖法/db/alt_u_div_j5f.tdf       ;
; db/lpm_divide_ohm.tdf            ; yes             ; Auto-Generated Megafunction  ; D:/桌面/文字型LCD FPGA 遊戲機 畫圖法/db/lpm_divide_ohm.tdf      ;
; db/sign_div_unsign_plh.tdf       ; yes             ; Auto-Generated Megafunction  ; D:/桌面/文字型LCD FPGA 遊戲機 畫圖法/db/sign_div_unsign_plh.tdf ;
; db/alt_u_div_t5f.tdf             ; yes             ; Auto-Generated Megafunction  ; D:/桌面/文字型LCD FPGA 遊戲機 畫圖法/db/alt_u_div_t5f.tdf       ;
; db/lpm_divide_7gm.tdf            ; yes             ; Auto-Generated Megafunction  ; D:/桌面/文字型LCD FPGA 遊戲機 畫圖法/db/lpm_divide_7gm.tdf      ;
; db/sign_div_unsign_8kh.tdf       ; yes             ; Auto-Generated Megafunction  ; D:/桌面/文字型LCD FPGA 遊戲機 畫圖法/db/sign_div_unsign_8kh.tdf ;
; db/alt_u_div_r2f.tdf             ; yes             ; Auto-Generated Megafunction  ; D:/桌面/文字型LCD FPGA 遊戲機 畫圖法/db/alt_u_div_r2f.tdf       ;
+----------------------------------+-----------------+------------------------------+-----------------------------------------------------------------+


+------------------------------------------------------+
; Analysis & Synthesis Resource Usage Summary          ;
+---------------------------------------------+--------+
; Resource                                    ; Usage  ;
+---------------------------------------------+--------+
; Estimated Total logic elements              ; 10,977 ;
;                                             ;        ;
; Total combinational functions               ; 10969  ;
; Logic element usage by number of LUT inputs ;        ;
;     -- 4 input functions                    ; 7306   ;
;     -- 3 input functions                    ; 2385   ;
;     -- <=2 input functions                  ; 1278   ;
;                                             ;        ;
; Logic elements by mode                      ;        ;
;     -- normal mode                          ; 10417  ;
;     -- arithmetic mode                      ; 552    ;
;                                             ;        ;
; Total registers                             ; 986    ;
;     -- Dedicated logic registers            ; 986    ;
;     -- I/O registers                        ; 0      ;
;                                             ;        ;
; I/O pins                                    ; 41     ;
; Maximum fan-out node                        ; CK_10K ;
; Maximum fan-out                             ; 856    ;
; Total fan-out                               ; 43000  ;
; Average fan-out                             ; 3.57   ;
+---------------------------------------------+--------+


+------------------------------------------------------------------------------------------------------------------------------------------------------------------------------------------------------------------------------------------------------------------------------------------+
; Analysis & Synthesis Resource Utilization by Entity                                                                                                                                                                                                                                      ;
+-------------------------------------------+-------------------+--------------+-------------+--------------+---------+-----------+------+--------------+-------------------------------------------------------------------------------------------------------------------+--------------+
; Compilation Hierarchy Node                ; LC Combinationals ; LC Registers ; Memory Bits ; DSP Elements ; DSP 9x9 ; DSP 18x18 ; Pins ; Virtual Pins ; Full Hierarchy Name                                                                                               ; Library Name ;
+-------------------------------------------+-------------------+--------------+-------------+--------------+---------+-----------+------+--------------+-------------------------------------------------------------------------------------------------------------------+--------------+
; |LCD_Tetris                               ; 10969 (9218)      ; 986 (823)    ; 0           ; 0            ; 0       ; 0         ; 41   ; 0            ; |LCD_Tetris                                                                                                       ; work         ;
;    |BZ:u1|                                ; 635 (142)         ; 93 (93)      ; 0           ; 0            ; 0       ; 0         ; 0    ; 0            ; |LCD_Tetris|BZ:u1                                                                                                 ;              ;
;       |lpm_divide:Div0|                   ; 493 (0)           ; 0 (0)        ; 0           ; 0            ; 0       ; 0         ; 0    ; 0            ; |LCD_Tetris|BZ:u1|lpm_divide:Div0                                                                                 ;              ;
;          |lpm_divide_7jm:auto_generated|  ; 493 (0)           ; 0 (0)        ; 0           ; 0            ; 0       ; 0         ; 0    ; 0            ; |LCD_Tetris|BZ:u1|lpm_divide:Div0|lpm_divide_7jm:auto_generated                                                   ;              ;
;             |sign_div_unsign_8nh:divider| ; 493 (0)           ; 0 (0)        ; 0           ; 0            ; 0       ; 0         ; 0    ; 0            ; |LCD_Tetris|BZ:u1|lpm_divide:Div0|lpm_divide_7jm:auto_generated|sign_div_unsign_8nh:divider                       ;              ;
;                |alt_u_div_r8f:divider|    ; 493 (493)         ; 0 (0)        ; 0           ; 0            ; 0       ; 0         ; 0    ; 0            ; |LCD_Tetris|BZ:u1|lpm_divide:Div0|lpm_divide_7jm:auto_generated|sign_div_unsign_8nh:divider|alt_u_div_r8f:divider ;              ;
;    |LCM_PIC:u0|                           ; 662 (662)         ; 70 (70)      ; 0           ; 0            ; 0       ; 0         ; 0    ; 0            ; |LCD_Tetris|LCM_PIC:u0                                                                                            ;              ;
;    |lpm_divide:Div0|                      ; 53 (0)            ; 0 (0)        ; 0           ; 0            ; 0       ; 0         ; 0    ; 0            ; |LCD_Tetris|lpm_divide:Div0                                                                                       ;              ;
;       |lpm_divide_mhm:auto_generated|     ; 53 (0)            ; 0 (0)        ; 0           ; 0            ; 0       ; 0         ; 0    ; 0            ; |LCD_Tetris|lpm_divide:Div0|lpm_divide_mhm:auto_generated                                                         ;              ;
;          |sign_div_unsign_nlh:divider|    ; 53 (0)            ; 0 (0)        ; 0           ; 0            ; 0       ; 0         ; 0    ; 0            ; |LCD_Tetris|lpm_divide:Div0|lpm_divide_mhm:auto_generated|sign_div_unsign_nlh:divider                             ;              ;
;             |alt_u_div_p5f:divider|       ; 53 (53)           ; 0 (0)        ; 0           ; 0            ; 0       ; 0         ; 0    ; 0            ; |LCD_Tetris|lpm_divide:Div0|lpm_divide_mhm:auto_generated|sign_div_unsign_nlh:divider|alt_u_div_p5f:divider       ;              ;
;    |lpm_divide:Div1|                      ; 73 (0)            ; 0 (0)        ; 0           ; 0            ; 0       ; 0         ; 0    ; 0            ; |LCD_Tetris|lpm_divide:Div1                                                                                       ;              ;
;       |lpm_divide_jhm:auto_generated|     ; 73 (0)            ; 0 (0)        ; 0           ; 0            ; 0       ; 0         ; 0    ; 0            ; |LCD_Tetris|lpm_divide:Div1|lpm_divide_jhm:auto_generated                                                         ;              ;
;          |sign_div_unsign_klh:divider|    ; 73 (0)            ; 0 (0)        ; 0           ; 0            ; 0       ; 0         ; 0    ; 0            ; |LCD_Tetris|lpm_divide:Div1|lpm_divide_jhm:auto_generated|sign_div_unsign_klh:divider                             ;              ;
;             |alt_u_div_j5f:divider|       ; 73 (73)           ; 0 (0)        ; 0           ; 0            ; 0       ; 0         ; 0    ; 0            ; |LCD_Tetris|lpm_divide:Div1|lpm_divide_jhm:auto_generated|sign_div_unsign_klh:divider|alt_u_div_j5f:divider       ;              ;
;    |lpm_divide:Div2|                      ; 11 (0)            ; 0 (0)        ; 0           ; 0            ; 0       ; 0         ; 0    ; 0            ; |LCD_Tetris|lpm_divide:Div2                                                                                       ;              ;
;       |lpm_divide_7gm:auto_generated|     ; 11 (0)            ; 0 (0)        ; 0           ; 0            ; 0       ; 0         ; 0    ; 0            ; |LCD_Tetris|lpm_divide:Div2|lpm_divide_7gm:auto_generated                                                         ;              ;
;          |sign_div_unsign_8kh:divider|    ; 11 (0)            ; 0 (0)        ; 0           ; 0            ; 0       ; 0         ; 0    ; 0            ; |LCD_Tetris|lpm_divide:Div2|lpm_divide_7gm:auto_generated|sign_div_unsign_8kh:divider                             ;              ;
;             |alt_u_div_r2f:divider|       ; 11 (11)           ; 0 (0)        ; 0           ; 0            ; 0       ; 0         ; 0    ; 0            ; |LCD_Tetris|lpm_divide:Div2|lpm_divide_7gm:auto_generated|sign_div_unsign_8kh:divider|alt_u_div_r2f:divider       ;              ;
;    |lpm_divide:Div3|                      ; 107 (0)           ; 0 (0)        ; 0           ; 0            ; 0       ; 0         ; 0    ; 0            ; |LCD_Tetris|lpm_divide:Div3                                                                                       ;              ;
;       |lpm_divide_ohm:auto_generated|     ; 107 (0)           ; 0 (0)        ; 0           ; 0            ; 0       ; 0         ; 0    ; 0            ; |LCD_Tetris|lpm_divide:Div3|lpm_divide_ohm:auto_generated                                                         ;              ;
;          |sign_div_unsign_plh:divider|    ; 107 (0)           ; 0 (0)        ; 0           ; 0            ; 0       ; 0         ; 0    ; 0            ; |LCD_Tetris|lpm_divide:Div3|lpm_divide_ohm:auto_generated|sign_div_unsign_plh:divider                             ;              ;
;             |alt_u_div_t5f:divider|       ; 107 (107)         ; 0 (0)        ; 0           ; 0            ; 0       ; 0         ; 0    ; 0            ; |LCD_Tetris|lpm_divide:Div3|lpm_divide_ohm:auto_generated|sign_div_unsign_plh:divider|alt_u_div_t5f:divider       ;              ;
;    |lpm_divide:Mod0|                      ; 82 (0)            ; 0 (0)        ; 0           ; 0            ; 0       ; 0         ; 0    ; 0            ; |LCD_Tetris|lpm_divide:Mod0                                                                                       ;              ;
;       |lpm_divide_3bm:auto_generated|     ; 82 (0)            ; 0 (0)        ; 0           ; 0            ; 0       ; 0         ; 0    ; 0            ; |LCD_Tetris|lpm_divide:Mod0|lpm_divide_3bm:auto_generated                                                         ;              ;
;          |sign_div_unsign_1nh:divider|    ; 82 (0)            ; 0 (0)        ; 0           ; 0            ; 0       ; 0         ; 0    ; 0            ; |LCD_Tetris|lpm_divide:Mod0|lpm_divide_3bm:auto_generated|sign_div_unsign_1nh:divider                             ;              ;
;             |alt_u_div_d8f:divider|       ; 82 (82)           ; 0 (0)        ; 0           ; 0            ; 0       ; 0         ; 0    ; 0            ; |LCD_Tetris|lpm_divide:Mod0|lpm_divide_3bm:auto_generated|sign_div_unsign_1nh:divider|alt_u_div_d8f:divider       ;              ;
;    |lpm_divide:Mod1|                      ; 128 (0)           ; 0 (0)        ; 0           ; 0            ; 0       ; 0         ; 0    ; 0            ; |LCD_Tetris|lpm_divide:Mod1                                                                                       ;              ;
;       |lpm_divide_3bm:auto_generated|     ; 128 (0)           ; 0 (0)        ; 0           ; 0            ; 0       ; 0         ; 0    ; 0            ; |LCD_Tetris|lpm_divide:Mod1|lpm_divide_3bm:auto_generated                                                         ;              ;
;          |sign_div_unsign_1nh:divider|    ; 128 (0)           ; 0 (0)        ; 0           ; 0            ; 0       ; 0         ; 0    ; 0            ; |LCD_Tetris|lpm_divide:Mod1|lpm_divide_3bm:auto_generated|sign_div_unsign_1nh:divider                             ;              ;
;             |alt_u_div_d8f:divider|       ; 128 (128)         ; 0 (0)        ; 0           ; 0            ; 0       ; 0         ; 0    ; 0            ; |LCD_Tetris|lpm_divide:Mod1|lpm_divide_3bm:auto_generated|sign_div_unsign_1nh:divider|alt_u_div_d8f:divider       ;              ;
+-------------------------------------------+-------------------+--------------+-------------+--------------+---------+-----------+------+--------------+-------------------------------------------------------------------------------------------------------------------+--------------+
Note: For table entries with two numbers listed, the numbers in parentheses indicate the number of resources of the given type used by the specific entity alone. The numbers listed outside of parentheses indicate the total resources of the given type used by the specific entity and all of its sub-entities in the hierarchy.


+------------------------------------------------------------+
; Logic Cells Representing Combinational Loops               ;
+--------------------------------------------------------+---+
; Logic Cell Name                                        ;   ;
+--------------------------------------------------------+---+
; BLK_MAKE[0]                                            ;   ;
; Number of logic cells representing combinational loops ; 1 ;
+--------------------------------------------------------+---+
Note: All cells listed above may not be present at the end of synthesis due to various synthesis optimizations.


+---------------------------------------------------------------------------------------+
; Registers Removed During Synthesis                                                    ;
+-----------------------------------------+---------------------------------------------+
; Register name                           ; Reason for Removal                          ;
+-----------------------------------------+---------------------------------------------+
; NEXT_RAM[14][0]                         ; Stuck at GND due to stuck port data_in      ;
; NEXT_RAM[13][0]                         ; Stuck at GND due to stuck port data_in      ;
; NEXT_RAM[12][0]                         ; Stuck at GND due to stuck port data_in      ;
; NEXT_RAM[11][0]                         ; Stuck at GND due to stuck port data_in      ;
; NEXT_RAM[9][0]                          ; Stuck at GND due to stuck port data_in      ;
; NEXT_RAM[8][0]                          ; Stuck at GND due to stuck port data_in      ;
; NEXT_RAM[7][0]                          ; Stuck at GND due to stuck port data_in      ;
; NEXT_RAM[6][0]                          ; Stuck at GND due to stuck port data_in      ;
; NEXT_RAM[5][4]                          ; Stuck at GND due to stuck port data_in      ;
; NEXT_RAM[5][3]                          ; Stuck at GND due to stuck port data_in      ;
; NEXT_RAM[4][4]                          ; Stuck at GND due to stuck port data_in      ;
; NEXT_RAM[4][0]                          ; Stuck at GND due to stuck port data_in      ;
; NEXT_RAM[3][4]                          ; Stuck at GND due to stuck port data_in      ;
; NEXT_RAM[3][0]                          ; Stuck at GND due to stuck port data_in      ;
; NEXT_RAM[2][4]                          ; Stuck at GND due to stuck port data_in      ;
; NEXT_RAM[2][0]                          ; Stuck at GND due to stuck port data_in      ;
; NEXT_RAM[1][0]                          ; Stuck at GND due to stuck port data_in      ;
; SCORE[0..1]                             ; Stuck at GND due to stuck port data_in      ;
; LCM_WORD_IN_24[0..4]                    ; Stuck at GND due to stuck port data_in      ;
; LCM_WORD_IN_24[5]                       ; Stuck at VCC due to stuck port data_in      ;
; LCM_WORD_IN_24[6..7]                    ; Stuck at GND due to stuck port data_in      ;
; LCM_WORD_IN_20[0,2,7]                   ; Stuck at GND due to stuck port data_in      ;
; LCM_WORD_IN_19[1,3..4,7]                ; Stuck at GND due to stuck port data_in      ;
; LCM_WORD_IN_18[0,3,7]                   ; Stuck at GND due to stuck port data_in      ;
; LCM_WORD_IN_17[4,7]                     ; Stuck at GND due to stuck port data_in      ;
; LCM_WORD_IN_16[2..4]                    ; Stuck at GND due to stuck port data_in      ;
; LCM_WORD_IN_16[5]                       ; Stuck at VCC due to stuck port data_in      ;
; LCM_WORD_IN_16[7]                       ; Stuck at GND due to stuck port data_in      ;
; LCM_WORD_IN_15[2..3,7]                  ; Stuck at GND due to stuck port data_in      ;
; LCM_WORD_IN_14[0..4]                    ; Stuck at GND due to stuck port data_in      ;
; LCM_WORD_IN_14[5]                       ; Stuck at VCC due to stuck port data_in      ;
; LCM_WORD_IN_14[6..7]                    ; Stuck at GND due to stuck port data_in      ;
; LCM_WORD_IN_13[0..4]                    ; Stuck at GND due to stuck port data_in      ;
; LCM_WORD_IN_13[5]                       ; Stuck at VCC due to stuck port data_in      ;
; LCM_WORD_IN_13[6..7]                    ; Stuck at GND due to stuck port data_in      ;
; LCM_WORD_IN_12[0..4]                    ; Stuck at GND due to stuck port data_in      ;
; LCM_WORD_IN_12[5]                       ; Stuck at VCC due to stuck port data_in      ;
; LCM_WORD_IN_12[6..7]                    ; Stuck at GND due to stuck port data_in      ;
; LCM_WORD_IN_11[0..4]                    ; Stuck at GND due to stuck port data_in      ;
; LCM_WORD_IN_11[5]                       ; Stuck at VCC due to stuck port data_in      ;
; LCM_WORD_IN_11[6..7]                    ; Stuck at GND due to stuck port data_in      ;
; LCM_WORD_IN_10[3]                       ; Stuck at GND due to stuck port data_in      ;
; LCM_WORD_IN_10[5]                       ; Stuck at VCC due to stuck port data_in      ;
; LCM_WORD_IN_10[6..7]                    ; Stuck at GND due to stuck port data_in      ;
; LCM_WORD_IN_9[0..4]                     ; Stuck at GND due to stuck port data_in      ;
; LCM_WORD_IN_9[5]                        ; Stuck at VCC due to stuck port data_in      ;
; LCM_WORD_IN_9[6..7]                     ; Stuck at GND due to stuck port data_in      ;
; LCM_WORD_IN_8[7]                        ; Stuck at GND due to stuck port data_in      ;
; LCM_WORD_IN_7[1,4,7]                    ; Stuck at GND due to stuck port data_in      ;
; LCM_WORD_IN_6[1,3..4,7]                 ; Stuck at GND due to stuck port data_in      ;
; LCM_WORD_IN_5[3,7]                      ; Stuck at GND due to stuck port data_in      ;
; LCM_WORD_IN_4[1,3..4]                   ; Stuck at GND due to stuck port data_in      ;
; LCM_WORD_IN_4[5]                        ; Stuck at VCC due to stuck port data_in      ;
; LCM_WORD_IN_4[7]                        ; Stuck at GND due to stuck port data_in      ;
; LCM_WORD_IN_3[0..1,4,7]                 ; Stuck at GND due to stuck port data_in      ;
; LCM_WORD_IN_2[0..4]                     ; Stuck at GND due to stuck port data_in      ;
; LCM_WORD_IN_2[5]                        ; Stuck at VCC due to stuck port data_in      ;
; LCM_WORD_IN_2[6..7]                     ; Stuck at GND due to stuck port data_in      ;
; LCM_WORD_IN_1[0..4]                     ; Stuck at GND due to stuck port data_in      ;
; LCM_WORD_IN_1[5]                        ; Stuck at VCC due to stuck port data_in      ;
; LCM_WORD_IN_1[6..7]                     ; Stuck at GND due to stuck port data_in      ;
; NEXT_RAM[15][4]                         ; Merged with NEXT_RAM[15][5]                 ;
; NEXT_RAM[15][3]                         ; Merged with NEXT_RAM[15][5]                 ;
; NEXT_RAM[15][2]                         ; Merged with NEXT_RAM[15][5]                 ;
; NEXT_RAM[15][1]                         ; Merged with NEXT_RAM[15][5]                 ;
; NEXT_RAM[15][0]                         ; Merged with NEXT_RAM[15][5]                 ;
; NEXT_RAM[14][5]                         ; Merged with NEXT_RAM[15][5]                 ;
; NEXT_RAM[13][5]                         ; Merged with NEXT_RAM[15][5]                 ;
; NEXT_RAM[12][5]                         ; Merged with NEXT_RAM[15][5]                 ;
; NEXT_RAM[11][5]                         ; Merged with NEXT_RAM[15][5]                 ;
; NEXT_RAM[10][5]                         ; Merged with NEXT_RAM[15][5]                 ;
; NEXT_RAM[9][5]                          ; Merged with NEXT_RAM[15][5]                 ;
; NEXT_RAM[8][5]                          ; Merged with NEXT_RAM[15][5]                 ;
; NEXT_RAM[7][5]                          ; Merged with NEXT_RAM[15][5]                 ;
; NEXT_RAM[6][5]                          ; Merged with NEXT_RAM[15][5]                 ;
; NEXT_RAM[5][5]                          ; Merged with NEXT_RAM[15][5]                 ;
; NEXT_RAM[4][5]                          ; Merged with NEXT_RAM[15][5]                 ;
; NEXT_RAM[3][5]                          ; Merged with NEXT_RAM[15][5]                 ;
; NEXT_RAM[2][5]                          ; Merged with NEXT_RAM[15][5]                 ;
; NEXT_RAM[1][5]                          ; Merged with NEXT_RAM[15][5]                 ;
; NEXT_RAM[0][5]                          ; Merged with NEXT_RAM[15][5]                 ;
; NEXT_RAM[0][4]                          ; Merged with NEXT_RAM[15][5]                 ;
; NEXT_RAM[0][3]                          ; Merged with NEXT_RAM[15][5]                 ;
; NEXT_RAM[0][2]                          ; Merged with NEXT_RAM[15][5]                 ;
; NEXT_RAM[0][1]                          ; Merged with NEXT_RAM[15][5]                 ;
; NEXT_RAM[0][0]                          ; Merged with NEXT_RAM[15][5]                 ;
; NEXT_RAM[5][1]                          ; Merged with NEXT_RAM[10][0]                 ;
; NEXT_RAM[5][0]                          ; Merged with NEXT_RAM[10][0]                 ;
; NEXT_RAM[2][2]                          ; Merged with NEXT_RAM[3][2]                  ;
; LCM_WORD_IN_20[4]                       ; Merged with LCM_WORD_IN_20[1]               ;
; LCM_WORD_IN_19[0,2,6]                   ; Merged with LCM_WORD_IN_20[1]               ;
; LCM_WORD_IN_18[1,4,6]                   ; Merged with LCM_WORD_IN_20[1]               ;
; LCM_WORD_IN_17[0..3,6]                  ; Merged with LCM_WORD_IN_20[1]               ;
; LCM_WORD_IN_7[2..3,6]                   ; Merged with LCM_WORD_IN_20[1]               ;
; LCM_WORD_IN_6[0,6]                      ; Merged with LCM_WORD_IN_20[1]               ;
; LCM_WORD_IN_5[1..2,6]                   ; Merged with LCM_WORD_IN_20[1]               ;
; LCM_WORD_IN_16[0..1,6]                  ; Merged with LCM_WORD_IN_20[3]               ;
; LCM_WORD_IN_15[0..1,4,6]                ; Merged with LCM_WORD_IN_20[3]               ;
; LCM_WORD_IN_10[4]                       ; Merged with LCM_WORD_IN_20[3]               ;
; LCM_WORD_IN_8[1,3..4]                   ; Merged with LCM_WORD_IN_20[3]               ;
; LCM_WORD_IN_6[2]                        ; Merged with LCM_WORD_IN_20[3]               ;
; LCM_WORD_IN_5[4]                        ; Merged with LCM_WORD_IN_20[3]               ;
; LCM_WORD_IN_4[0,2,6]                    ; Merged with LCM_WORD_IN_20[3]               ;
; LCM_WORD_IN_3[2..3,6]                   ; Merged with LCM_WORD_IN_20[3]               ;
; LCM_WORD_IN_19[5]                       ; Merged with LCM_WORD_IN_20[5]               ;
; LCM_WORD_IN_18[5]                       ; Merged with LCM_WORD_IN_20[5]               ;
; LCM_WORD_IN_17[5]                       ; Merged with LCM_WORD_IN_20[5]               ;
; LCM_WORD_IN_8[5]                        ; Merged with LCM_WORD_IN_20[5]               ;
; LCM_WORD_IN_7[5]                        ; Merged with LCM_WORD_IN_20[5]               ;
; LCM_WORD_IN_6[5]                        ; Merged with LCM_WORD_IN_20[5]               ;
; LCM_WORD_IN_5[5]                        ; Merged with LCM_WORD_IN_20[5]               ;
; LCM_WORD_IN_18[2]                       ; Merged with LCM_WORD_IN_20[6]               ;
; LCM_WORD_IN_8[0,2,6]                    ; Merged with LCM_WORD_IN_20[6]               ;
; LCM_WORD_IN_7[0]                        ; Merged with LCM_WORD_IN_20[6]               ;
; LCM_WORD_IN_5[0]                        ; Merged with LCM_WORD_IN_20[6]               ;
; LCM_WORD_IN_3[5]                        ; Merged with LCM_WORD_IN_15[5]               ;
; DEBUG_1[2]~reg0                         ; Merged with DEBUG_1[0]~reg0                 ;
; DEBUG_1[4]~reg0                         ; Merged with DEBUG_1[0]~reg0                 ;
; DEBUG_1[6]~reg0                         ; Merged with DEBUG_1[0]~reg0                 ;
; DEBUG_1[8]~reg0                         ; Merged with DEBUG_1[0]~reg0                 ;
; DEBUG_1[10]~reg0                        ; Merged with DEBUG_1[0]~reg0                 ;
; DEBUG_1[12]~reg0                        ; Merged with DEBUG_1[0]~reg0                 ;
; DEBUG_1[14]~reg0                        ; Merged with DEBUG_1[0]~reg0                 ;
; DEBUG_1[3]~reg0                         ; Merged with DEBUG_1[1]~reg0                 ;
; DEBUG_1[5]~reg0                         ; Merged with DEBUG_1[1]~reg0                 ;
; DEBUG_1[7]~reg0                         ; Merged with DEBUG_1[1]~reg0                 ;
; DEBUG_1[9]~reg0                         ; Merged with DEBUG_1[1]~reg0                 ;
; DEBUG_1[11]~reg0                        ; Merged with DEBUG_1[1]~reg0                 ;
; DEBUG_1[13]~reg0                        ; Merged with DEBUG_1[1]~reg0                 ;
; DEBUG_1[15]~reg0                        ; Merged with DEBUG_1[1]~reg0                 ;
; NEXT_RAM[14][2]                         ; Merged with NEXT_RAM[14][4]                 ;
; NEXT_RAM[13][4]                         ; Merged with NEXT_RAM[14][4]                 ;
; NEXT_RAM[13][2]                         ; Merged with NEXT_RAM[14][4]                 ;
; NEXT_RAM[12][4]                         ; Merged with NEXT_RAM[14][4]                 ;
; NEXT_RAM[11][4]                         ; Merged with NEXT_RAM[14][4]                 ;
; NEXT_RAM[10][4]                         ; Merged with NEXT_RAM[14][4]                 ;
; NEXT_RAM[9][4]                          ; Merged with NEXT_RAM[14][4]                 ;
; NEXT_RAM[8][4]                          ; Merged with NEXT_RAM[14][4]                 ;
; NEXT_RAM[7][4]                          ; Merged with NEXT_RAM[14][4]                 ;
; NEXT_RAM[7][2]                          ; Merged with NEXT_RAM[14][4]                 ;
; NEXT_RAM[6][4]                          ; Merged with NEXT_RAM[14][4]                 ;
; NEXT_RAM[6][2]                          ; Merged with NEXT_RAM[14][4]                 ;
; NEXT_RAM[1][4]                          ; Merged with NEXT_RAM[14][4]                 ;
; NEXT_RAM[1][2]                          ; Merged with NEXT_RAM[14][4]                 ;
; NEXT_RAM[14][1]                         ; Merged with NEXT_RAM[14][3]                 ;
; NEXT_RAM[13][3]                         ; Merged with NEXT_RAM[14][3]                 ;
; NEXT_RAM[13][1]                         ; Merged with NEXT_RAM[14][3]                 ;
; NEXT_RAM[12][3]                         ; Merged with NEXT_RAM[14][3]                 ;
; NEXT_RAM[12][1]                         ; Merged with NEXT_RAM[14][3]                 ;
; NEXT_RAM[11][3]                         ; Merged with NEXT_RAM[14][3]                 ;
; NEXT_RAM[10][3]                         ; Merged with NEXT_RAM[14][3]                 ;
; NEXT_RAM[10][1]                         ; Merged with NEXT_RAM[14][3]                 ;
; NEXT_RAM[9][3]                          ; Merged with NEXT_RAM[14][3]                 ;
; NEXT_RAM[9][1]                          ; Merged with NEXT_RAM[14][3]                 ;
; NEXT_RAM[8][3]                          ; Merged with NEXT_RAM[14][3]                 ;
; NEXT_RAM[8][1]                          ; Merged with NEXT_RAM[14][3]                 ;
; NEXT_RAM[7][3]                          ; Merged with NEXT_RAM[14][3]                 ;
; NEXT_RAM[7][1]                          ; Merged with NEXT_RAM[14][3]                 ;
; NEXT_RAM[6][3]                          ; Merged with NEXT_RAM[14][3]                 ;
; NEXT_RAM[6][1]                          ; Merged with NEXT_RAM[14][3]                 ;
; NEXT_RAM[1][3]                          ; Merged with NEXT_RAM[14][3]                 ;
; NEXT_RAM[1][1]                          ; Merged with NEXT_RAM[14][3]                 ;
; NEXT_RAM[11][2]                         ; Merged with NEXT_RAM[12][2]                 ;
; NEXT_RAM[10][2]                         ; Merged with NEXT_RAM[12][2]                 ;
; NEXT_RAM[9][2]                          ; Merged with NEXT_RAM[12][2]                 ;
; NEXT_RAM[8][2]                          ; Merged with NEXT_RAM[12][2]                 ;
; BZ:u1|music_f[4]                        ; Merged with BZ:u1|music_f[0]                ;
; BZ:u1|music_f[10]                       ; Merged with BZ:u1|music_f[9]                ;
; LCM_WORD_IN_21[5]                       ; Stuck at VCC due to stuck port data_in      ;
; LCM_WORD_IN_21[6..7]                    ; Stuck at GND due to stuck port data_in      ;
; BZ:u1|BZ_CLK[25]                        ; Stuck at GND due to stuck port data_in      ;
; BZ:u1|music_f[9]                        ; Stuck at GND due to stuck port data_in      ;
; Tetris[2..3]                            ; Stuck at GND due to stuck port data_in      ;
; LCM_PIC:u0|RW                           ; Stuck at GND due to stuck port data_in      ;
; LCM_PIC:u0|LCMS[3]                      ; Stuck at GND due to stuck port clock_enable ;
; LCM_PIC:u0|ES[2..3]                     ; Stuck at GND due to stuck port clock_enable ;
; BZ:u1|BZ_CLK_CASE[2]                    ; Stuck at GND due to stuck port clock_enable ;
; DEBUG_1[0]~reg0                         ; Stuck at VCC due to stuck port data_in      ;
; DEBUG_1[1]~reg0                         ; Stuck at VCC due to stuck port data_in      ;
; LCM_PIC:u0|L_J[2]                       ; Stuck at GND due to stuck port data_in      ;
; NEXT_RAM[14][4]                         ; Stuck at GND due to stuck port data_in      ;
; NEXT_RAM[14][3]                         ; Stuck at GND due to stuck port data_in      ;
; NEXT_RAM[11][1]                         ; Merged with NEXT_RAM[12][2]                 ;
; LCM_WORD_IN_21[4]                       ; Merged with LCM_WORD_IN_20[3]               ;
; CHECK[1]                                ; Stuck at GND due to stuck port data_in      ;
; LCM_WORD_IN_15[5]                       ; Merged with LCM_WORD_IN_20[3]               ;
; LCM_WORD_IN_23[0]                       ; Stuck at GND due to stuck port data_in      ;
; LCM_WORD_IN_20[5]                       ; Merged with LCM_WORD_IN_20[6]               ;
; Total Number of Removed Registers = 282 ;                                             ;
+-----------------------------------------+---------------------------------------------+


+------------------------------------------------------+
; General Register Statistics                          ;
+----------------------------------------------+-------+
; Statistic                                    ; Value ;
+----------------------------------------------+-------+
; Total registers                              ; 986   ;
; Number of registers using Synchronous Clear  ; 481   ;
; Number of registers using Synchronous Load   ; 458   ;
; Number of registers using Asynchronous Clear ; 0     ;
; Number of registers using Asynchronous Load  ; 0     ;
; Number of registers using Clock Enable       ; 872   ;
; Number of registers using Preset             ; 0     ;
+----------------------------------------------+-------+


+--------------------------------------------------+
; Inverted Register Statistics                     ;
+----------------------------------------+---------+
; Inverted Register                      ; Fan out ;
+----------------------------------------+---------+
; LCM_PIC:u0|word_cnt[0]                 ; 34      ;
; CLR_R[0]                               ; 63      ;
; CLR[0]                                 ; 60      ;
; Total number of inverted registers = 3 ;         ;
+----------------------------------------+---------+


+--------------------------------------------------------------------------------------------------------------------------------------------------+
; Multiplexer Restructuring Statistics (Restructuring Performed)                                                                                   ;
+--------------------+-----------+---------------+----------------------+------------------------+------------+------------------------------------+
; Multiplexer Inputs ; Bus Width ; Baseline Area ; Area if Restructured ; Saving if Restructured ; Registered ; Example Multiplexer Output         ;
+--------------------+-----------+---------------+----------------------+------------------------+------------+------------------------------------+
; 3:1                ; 26 bits   ; 52 LEs        ; 26 LEs               ; 26 LEs                 ; Yes        ; |LCD_Tetris|BZ:u1|TIME_DELAY[16]   ;
; 3:1                ; 26 bits   ; 52 LEs        ; 26 LEs               ; 26 LEs                 ; Yes        ; |LCD_Tetris|BZ:u1|BZ_CNT[11]       ;
; 3:1                ; 5 bits    ; 10 LEs        ; 5 LEs                ; 5 LEs                  ; Yes        ; |LCD_Tetris|BZ:u1|M_I[2]           ;
; 3:1                ; 23 bits   ; 46 LEs        ; 23 LEs               ; 23 LEs                 ; Yes        ; |LCD_Tetris|LCM_WORD_IN_23[0]      ;
; 4:1                ; 4 bits    ; 8 LEs         ; 0 LEs                ; 8 LEs                  ; Yes        ; |LCD_Tetris|LCM_PIC:u0|BI[1]       ;
; 4:1                ; 16 bits   ; 32 LEs        ; 16 LEs               ; 16 LEs                 ; Yes        ; |LCD_Tetris|LCM_PIC:u0|DELAY_1[15] ;
; 9:1                ; 3 bits    ; 18 LEs        ; 15 LEs               ; 3 LEs                  ; Yes        ; |LCD_Tetris|BZ:u1|BZ_CLK_CASE[0]   ;
; 8:1                ; 4 bits    ; 20 LEs        ; 12 LEs               ; 8 LEs                  ; Yes        ; |LCD_Tetris|BZ:u1|music_f[2]       ;
; 11:1               ; 3 bits    ; 21 LEs        ; 3 LEs                ; 18 LEs                 ; Yes        ; |LCD_Tetris|LCM_PIC:u0|L_J[2]      ;
; 18:1               ; 5 bits    ; 60 LEs        ; 5 LEs                ; 55 LEs                 ; Yes        ; |LCD_Tetris|LCM_PIC:u0|WJ[4]       ;
; 19:1               ; 2 bits    ; 24 LEs        ; 4 LEs                ; 20 LEs                 ; Yes        ; |LCD_Tetris|LCM_PIC:u0|RS          ;
; 19:1               ; 16 bits   ; 192 LEs       ; 16 LEs               ; 176 LEs                ; Yes        ; |LCD_Tetris|LCM_PIC:u0|DELAY[15]   ;
; 19:1               ; 5 bits    ; 60 LEs        ; 5 LEs                ; 55 LEs                 ; Yes        ; |LCD_Tetris|LCM_PIC:u0|WI[4]       ;
; 31:1               ; 224 bits  ; 4480 LEs      ; 448 LEs              ; 4032 LEs               ; Yes        ; |LCD_Tetris|Tetris_RAM[0][4]       ;
; 20:1               ; 3 bits    ; 39 LEs        ; 6 LEs                ; 33 LEs                 ; Yes        ; |LCD_Tetris|CLR_R[1]               ;
; 20:1               ; 5 bits    ; 65 LEs        ; 5 LEs                ; 60 LEs                 ; Yes        ; |LCD_Tetris|LCM_PIC:u0|word_cnt[2] ;
; 22:1               ; 3 bits    ; 42 LEs        ; 18 LEs               ; 24 LEs                 ; Yes        ; |LCD_Tetris|LCM_PIC:u0|LCMS[3]     ;
; 27:1               ; 2 bits    ; 36 LEs        ; 0 LEs                ; 36 LEs                 ; Yes        ; |LCD_Tetris|Tetris[3]              ;
; 27:1               ; 2 bits    ; 36 LEs        ; 4 LEs                ; 32 LEs                 ; Yes        ; |LCD_Tetris|Tetris[1]              ;
; 38:1               ; 4 bits    ; 100 LEs       ; 40 LEs               ; 60 LEs                 ; Yes        ; |LCD_Tetris|LCM_PIC:u0|ES[2]       ;
; 43:1               ; 4 bits    ; 112 LEs       ; 8 LEs                ; 104 LEs                ; Yes        ; |LCD_Tetris|DOWN[3]                ;
; 54:1               ; 3 bits    ; 108 LEs       ; 6 LEs                ; 102 LEs                ; Yes        ; |LCD_Tetris|RLM[2]                 ;
; 3:1                ; 3 bits    ; 6 LEs         ; 6 LEs                ; 0 LEs                  ; No         ; |LCD_Tetris|LCM_PIC:u0|Mux34       ;
; 3:1                ; 16 bits   ; 32 LEs        ; 32 LEs               ; 0 LEs                  ; No         ; |LCD_Tetris|Mux831                 ;
; 4:1                ; 2 bits    ; 4 LEs         ; 4 LEs                ; 0 LEs                  ; No         ; |LCD_Tetris|LCM_PIC:u0|Mux43       ;
; 4:1                ; 3 bits    ; 6 LEs         ; 6 LEs                ; 0 LEs                  ; No         ; |LCD_Tetris|LCM_PIC:u0|Mux34       ;
; 4:1                ; 10 bits   ; 20 LEs        ; 20 LEs               ; 0 LEs                  ; No         ; |LCD_Tetris|LCM_PIC:u0|Mux29       ;
; 4:1                ; 14 bits   ; 28 LEs        ; 28 LEs               ; 0 LEs                  ; No         ; |LCD_Tetris|LCM_PIC:u0|Mux13       ;
; 4:1                ; 2 bits    ; 4 LEs         ; 4 LEs                ; 0 LEs                  ; No         ; |LCD_Tetris|LCM_PIC:u0|Mux34       ;
; 4:1                ; 21 bits   ; 42 LEs        ; 42 LEs               ; 0 LEs                  ; No         ; |LCD_Tetris|LCM_PIC:u0|Mux8        ;
; 4:1                ; 16 bits   ; 32 LEs        ; 32 LEs               ; 0 LEs                  ; No         ; |LCD_Tetris|Mux966                 ;
; 3:1                ; 8 bits    ; 16 LEs        ; 16 LEs               ; 0 LEs                  ; No         ; |LCD_Tetris|Selector189            ;
; 3:1                ; 2 bits    ; 4 LEs         ; 4 LEs                ; 0 LEs                  ; No         ; |LCD_Tetris|Selector69             ;
; 3:1                ; 3 bits    ; 6 LEs         ; 6 LEs                ; 0 LEs                  ; No         ; |LCD_Tetris|Selector80             ;
; 3:1                ; 10 bits   ; 20 LEs        ; 20 LEs               ; 0 LEs                  ; No         ; |LCD_Tetris|Selector160            ;
; 3:1                ; 3 bits    ; 6 LEs         ; 6 LEs                ; 0 LEs                  ; No         ; |LCD_Tetris|Selector50             ;
; 3:1                ; 2 bits    ; 4 LEs         ; 4 LEs                ; 0 LEs                  ; No         ; |LCD_Tetris|Selector99             ;
; 8:1                ; 7 bits    ; 35 LEs        ; 35 LEs               ; 0 LEs                  ; No         ; |LCD_Tetris|Mux971                 ;
; 8:1                ; 3 bits    ; 15 LEs        ; 15 LEs               ; 0 LEs                  ; No         ; |LCD_Tetris|Mux900                 ;
; 8:1                ; 4 bits    ; 20 LEs        ; 20 LEs               ; 0 LEs                  ; No         ; |LCD_Tetris|Mux981                 ;
; 8:1                ; 4 bits    ; 20 LEs        ; 20 LEs               ; 0 LEs                  ; No         ; |LCD_Tetris|Mux970                 ;
; 8:1                ; 4 bits    ; 20 LEs        ; 20 LEs               ; 0 LEs                  ; No         ; |LCD_Tetris|Mux975                 ;
; 5:1                ; 2 bits    ; 6 LEs         ; 4 LEs                ; 2 LEs                  ; No         ; |LCD_Tetris|LCM_PIC:u0|Mux29       ;
; 5:1                ; 7 bits    ; 21 LEs        ; 21 LEs               ; 0 LEs                  ; No         ; |LCD_Tetris|LCM_PIC:u0|Mux23       ;
; 5:1                ; 4 bits    ; 12 LEs        ; 12 LEs               ; 0 LEs                  ; No         ; |LCD_Tetris|LCM_PIC:u0|Mux23       ;
; 16:1               ; 14 bits   ; 140 LEs       ; 140 LEs              ; 0 LEs                  ; No         ; |LCD_Tetris|Mux1443                ;
; 16:1               ; 14 bits   ; 140 LEs       ; 140 LEs              ; 0 LEs                  ; No         ; |LCD_Tetris|Mux1461                ;
; 7:1                ; 16 bits   ; 64 LEs        ; 64 LEs               ; 0 LEs                  ; No         ; |LCD_Tetris|Mux875                 ;
; 7:1                ; 16 bits   ; 64 LEs        ; 64 LEs               ; 0 LEs                  ; No         ; |LCD_Tetris|Mux858                 ;
; 7:1                ; 16 bits   ; 64 LEs        ; 64 LEs               ; 0 LEs                  ; No         ; |LCD_Tetris|Mux883                 ;
; 4:1                ; 2 bits    ; 4 LEs         ; 4 LEs                ; 0 LEs                  ; No         ; |LCD_Tetris|Selector128            ;
; 4:1                ; 8 bits    ; 16 LEs        ; 16 LEs               ; 0 LEs                  ; No         ; |LCD_Tetris|Selector148            ;
; 4:1                ; 2 bits    ; 4 LEs         ; 4 LEs                ; 0 LEs                  ; No         ; |LCD_Tetris|Selector167            ;
; 4:1                ; 8 bits    ; 16 LEs        ; 16 LEs               ; 0 LEs                  ; No         ; |LCD_Tetris|Selector37             ;
; 4:1                ; 2 bits    ; 4 LEs         ; 4 LEs                ; 0 LEs                  ; No         ; |LCD_Tetris|Selector47             ;
; 4:1                ; 8 bits    ; 16 LEs        ; 16 LEs               ; 0 LEs                  ; No         ; |LCD_Tetris|Selector36             ;
; 4:1                ; 2 bits    ; 4 LEs         ; 4 LEs                ; 0 LEs                  ; No         ; |LCD_Tetris|Selector125            ;
; 4:1                ; 8 bits    ; 16 LEs        ; 16 LEs               ; 0 LEs                  ; No         ; |LCD_Tetris|Selector35             ;
; 4:1                ; 2 bits    ; 4 LEs         ; 4 LEs                ; 0 LEs                  ; No         ; |LCD_Tetris|Selector124            ;
; 4:1                ; 8 bits    ; 16 LEs        ; 16 LEs               ; 0 LEs                  ; No         ; |LCD_Tetris|Selector144            ;
; 4:1                ; 2 bits    ; 4 LEs         ; 4 LEs                ; 0 LEs                  ; No         ; |LCD_Tetris|Selector82             ;
; 4:1                ; 8 bits    ; 16 LEs        ; 16 LEs               ; 0 LEs                  ; No         ; |LCD_Tetris|Selector33             ;
; 4:1                ; 2 bits    ; 4 LEs         ; 4 LEs                ; 0 LEs                  ; No         ; |LCD_Tetris|Selector162            ;
; 4:1                ; 8 bits    ; 16 LEs        ; 16 LEs               ; 0 LEs                  ; No         ; |LCD_Tetris|Selector172            ;
; 4:1                ; 2 bits    ; 4 LEs         ; 4 LEs                ; 0 LEs                  ; No         ; |LCD_Tetris|Selector42             ;
; 4:1                ; 8 bits    ; 16 LEs        ; 16 LEs               ; 0 LEs                  ; No         ; |LCD_Tetris|Selector52             ;
; 4:1                ; 2 bits    ; 4 LEs         ; 4 LEs                ; 0 LEs                  ; No         ; |LCD_Tetris|Selector61             ;
; 4:1                ; 2 bits    ; 4 LEs         ; 4 LEs                ; 0 LEs                  ; No         ; |LCD_Tetris|Selector108            ;
; 4:1                ; 16 bits   ; 32 LEs        ; 32 LEs               ; 0 LEs                  ; No         ; |LCD_Tetris|Mux840                 ;
; 3:1                ; 16 bits   ; 32 LEs        ; 32 LEs               ; 0 LEs                  ; No         ; |LCD_Tetris|Mux935                 ;
; 5:1                ; 16 bits   ; 48 LEs        ; 48 LEs               ; 0 LEs                  ; No         ; |LCD_Tetris|Mux965                 ;
; 6:1                ; 16 bits   ; 64 LEs        ; 64 LEs               ; 0 LEs                  ; No         ; |LCD_Tetris|Mux930                 ;
; 6:1                ; 16 bits   ; 64 LEs        ; 64 LEs               ; 0 LEs                  ; No         ; |LCD_Tetris|Mux948                 ;
; 16:1               ; 2 bits    ; 20 LEs        ; 20 LEs               ; 0 LEs                  ; No         ; |LCD_Tetris|Mux878                 ;
+--------------------+-----------+---------------+----------------------+------------------------+------------+------------------------------------+


+------------------------------------------------------------------------+
; Parameter Settings for Inferred Entity Instance: BZ:u1|lpm_divide:Div0 ;
+------------------------+----------------+------------------------------+
; Parameter Name         ; Value          ; Type                         ;
+------------------------+----------------+------------------------------+
; LPM_WIDTHN             ; 25             ; Untyped                      ;
; LPM_WIDTHD             ; 11             ; Untyped                      ;
; LPM_NREPRESENTATION    ; UNSIGNED       ; Untyped                      ;
; LPM_DREPRESENTATION    ; UNSIGNED       ; Untyped                      ;
; LPM_PIPELINE           ; 0              ; Untyped                      ;
; LPM_REMAINDERPOSITIVE  ; TRUE           ; Untyped                      ;
; MAXIMIZE_SPEED         ; 5              ; Untyped                      ;
; CBXI_PARAMETER         ; lpm_divide_7jm ; Untyped                      ;
; CARRY_CHAIN            ; MANUAL         ; Untyped                      ;
; OPTIMIZE_FOR_SPEED     ; 5              ; Untyped                      ;
; AUTO_CARRY_CHAINS      ; ON             ; AUTO_CARRY                   ;
; IGNORE_CARRY_BUFFERS   ; OFF            ; IGNORE_CARRY                 ;
; AUTO_CASCADE_CHAINS    ; ON             ; AUTO_CASCADE                 ;
; IGNORE_CASCADE_BUFFERS ; OFF            ; IGNORE_CASCADE               ;
+------------------------+----------------+------------------------------+
Note: In order to hide this table in the UI and the text report file, please set the "Show Parameter Settings Tables in Synthesis Report" option in "Analysis and Synthesis Settings -> More Settings" to "Off".


+------------------------------------------------------------------+
; Parameter Settings for Inferred Entity Instance: lpm_divide:Div0 ;
+------------------------+----------------+------------------------+
; Parameter Name         ; Value          ; Type                   ;
+------------------------+----------------+------------------------+
; LPM_WIDTHN             ; 10             ; Untyped                ;
; LPM_WIDTHD             ; 7              ; Untyped                ;
; LPM_NREPRESENTATION    ; UNSIGNED       ; Untyped                ;
; LPM_DREPRESENTATION    ; UNSIGNED       ; Untyped                ;
; LPM_PIPELINE           ; 0              ; Untyped                ;
; LPM_REMAINDERPOSITIVE  ; TRUE           ; Untyped                ;
; MAXIMIZE_SPEED         ; 5              ; Untyped                ;
; CBXI_PARAMETER         ; lpm_divide_mhm ; Untyped                ;
; CARRY_CHAIN            ; MANUAL         ; Untyped                ;
; OPTIMIZE_FOR_SPEED     ; 5              ; Untyped                ;
; AUTO_CARRY_CHAINS      ; ON             ; AUTO_CARRY             ;
; IGNORE_CARRY_BUFFERS   ; OFF            ; IGNORE_CARRY           ;
; AUTO_CASCADE_CHAINS    ; ON             ; AUTO_CASCADE           ;
; IGNORE_CASCADE_BUFFERS ; OFF            ; IGNORE_CASCADE         ;
+------------------------+----------------+------------------------+
Note: In order to hide this table in the UI and the text report file, please set the "Show Parameter Settings Tables in Synthesis Report" option in "Analysis and Synthesis Settings -> More Settings" to "Off".


+------------------------------------------------------------------+
; Parameter Settings for Inferred Entity Instance: lpm_divide:Mod0 ;
+------------------------+----------------+------------------------+
; Parameter Name         ; Value          ; Type                   ;
+------------------------+----------------+------------------------+
; LPM_WIDTHN             ; 10             ; Untyped                ;
; LPM_WIDTHD             ; 10             ; Untyped                ;
; LPM_NREPRESENTATION    ; UNSIGNED       ; Untyped                ;
; LPM_DREPRESENTATION    ; UNSIGNED       ; Untyped                ;
; LPM_PIPELINE           ; 0              ; Untyped                ;
; LPM_REMAINDERPOSITIVE  ; TRUE           ; Untyped                ;
; MAXIMIZE_SPEED         ; 5              ; Untyped                ;
; CBXI_PARAMETER         ; lpm_divide_3bm ; Untyped                ;
; CARRY_CHAIN            ; MANUAL         ; Untyped                ;
; OPTIMIZE_FOR_SPEED     ; 5              ; Untyped                ;
; AUTO_CARRY_CHAINS      ; ON             ; AUTO_CARRY             ;
; IGNORE_CARRY_BUFFERS   ; OFF            ; IGNORE_CARRY           ;
; AUTO_CASCADE_CHAINS    ; ON             ; AUTO_CASCADE           ;
; IGNORE_CASCADE_BUFFERS ; OFF            ; IGNORE_CASCADE         ;
+------------------------+----------------+------------------------+
Note: In order to hide this table in the UI and the text report file, please set the "Show Parameter Settings Tables in Synthesis Report" option in "Analysis and Synthesis Settings -> More Settings" to "Off".


+------------------------------------------------------------------+
; Parameter Settings for Inferred Entity Instance: lpm_divide:Div1 ;
+------------------------+----------------+------------------------+
; Parameter Name         ; Value          ; Type                   ;
+------------------------+----------------+------------------------+
; LPM_WIDTHN             ; 10             ; Untyped                ;
; LPM_WIDTHD             ; 4              ; Untyped                ;
; LPM_NREPRESENTATION    ; UNSIGNED       ; Untyped                ;
; LPM_DREPRESENTATION    ; UNSIGNED       ; Untyped                ;
; LPM_PIPELINE           ; 0              ; Untyped                ;
; LPM_REMAINDERPOSITIVE  ; TRUE           ; Untyped                ;
; MAXIMIZE_SPEED         ; 5              ; Untyped                ;
; CBXI_PARAMETER         ; lpm_divide_jhm ; Untyped                ;
; CARRY_CHAIN            ; MANUAL         ; Untyped                ;
; OPTIMIZE_FOR_SPEED     ; 5              ; Untyped                ;
; AUTO_CARRY_CHAINS      ; ON             ; AUTO_CARRY             ;
; IGNORE_CARRY_BUFFERS   ; OFF            ; IGNORE_CARRY           ;
; AUTO_CASCADE_CHAINS    ; ON             ; AUTO_CASCADE           ;
; IGNORE_CASCADE_BUFFERS ; OFF            ; IGNORE_CASCADE         ;
+------------------------+----------------+------------------------+
Note: In order to hide this table in the UI and the text report file, please set the "Show Parameter Settings Tables in Synthesis Report" option in "Analysis and Synthesis Settings -> More Settings" to "Off".


+------------------------------------------------------------------+
; Parameter Settings for Inferred Entity Instance: lpm_divide:Mod1 ;
+------------------------+----------------+------------------------+
; Parameter Name         ; Value          ; Type                   ;
+------------------------+----------------+------------------------+
; LPM_WIDTHN             ; 10             ; Untyped                ;
; LPM_WIDTHD             ; 10             ; Untyped                ;
; LPM_NREPRESENTATION    ; UNSIGNED       ; Untyped                ;
; LPM_DREPRESENTATION    ; UNSIGNED       ; Untyped                ;
; LPM_PIPELINE           ; 0              ; Untyped                ;
; LPM_REMAINDERPOSITIVE  ; TRUE           ; Untyped                ;
; MAXIMIZE_SPEED         ; 5              ; Untyped                ;
; CBXI_PARAMETER         ; lpm_divide_3bm ; Untyped                ;
; CARRY_CHAIN            ; MANUAL         ; Untyped                ;
; OPTIMIZE_FOR_SPEED     ; 5              ; Untyped                ;
; AUTO_CARRY_CHAINS      ; ON             ; AUTO_CARRY             ;
; IGNORE_CARRY_BUFFERS   ; OFF            ; IGNORE_CARRY           ;
; AUTO_CASCADE_CHAINS    ; ON             ; AUTO_CASCADE           ;
; IGNORE_CASCADE_BUFFERS ; OFF            ; IGNORE_CASCADE         ;
+------------------------+----------------+------------------------+
Note: In order to hide this table in the UI and the text report file, please set the "Show Parameter Settings Tables in Synthesis Report" option in "Analysis and Synthesis Settings -> More Settings" to "Off".


+------------------------------------------------------------------+
; Parameter Settings for Inferred Entity Instance: lpm_divide:Div3 ;
+------------------------+----------------+------------------------+
; Parameter Name         ; Value          ; Type                   ;
+------------------------+----------------+------------------------+
; LPM_WIDTHN             ; 13             ; Untyped                ;
; LPM_WIDTHD             ; 6              ; Untyped                ;
; LPM_NREPRESENTATION    ; UNSIGNED       ; Untyped                ;
; LPM_DREPRESENTATION    ; UNSIGNED       ; Untyped                ;
; LPM_PIPELINE           ; 0              ; Untyped                ;
; LPM_REMAINDERPOSITIVE  ; TRUE           ; Untyped                ;
; MAXIMIZE_SPEED         ; 5              ; Untyped                ;
; CBXI_PARAMETER         ; lpm_divide_ohm ; Untyped                ;
; CARRY_CHAIN            ; MANUAL         ; Untyped                ;
; OPTIMIZE_FOR_SPEED     ; 5              ; Untyped                ;
; AUTO_CARRY_CHAINS      ; ON             ; AUTO_CARRY             ;
; IGNORE_CARRY_BUFFERS   ; OFF            ; IGNORE_CARRY           ;
; AUTO_CASCADE_CHAINS    ; ON             ; AUTO_CASCADE           ;
; IGNORE_CASCADE_BUFFERS ; OFF            ; IGNORE_CASCADE         ;
+------------------------+----------------+------------------------+
Note: In order to hide this table in the UI and the text report file, please set the "Show Parameter Settings Tables in Synthesis Report" option in "Analysis and Synthesis Settings -> More Settings" to "Off".


+------------------------------------------------------------------+
; Parameter Settings for Inferred Entity Instance: lpm_divide:Div2 ;
+------------------------+----------------+------------------------+
; Parameter Name         ; Value          ; Type                   ;
+------------------------+----------------+------------------------+
; LPM_WIDTHN             ; 5              ; Untyped                ;
; LPM_WIDTHD             ; 4              ; Untyped                ;
; LPM_NREPRESENTATION    ; UNSIGNED       ; Untyped                ;
; LPM_DREPRESENTATION    ; UNSIGNED       ; Untyped                ;
; LPM_PIPELINE           ; 0              ; Untyped                ;
; LPM_REMAINDERPOSITIVE  ; TRUE           ; Untyped                ;
; MAXIMIZE_SPEED         ; 5              ; Untyped                ;
; CBXI_PARAMETER         ; lpm_divide_7gm ; Untyped                ;
; CARRY_CHAIN            ; MANUAL         ; Untyped                ;
; OPTIMIZE_FOR_SPEED     ; 5              ; Untyped                ;
; AUTO_CARRY_CHAINS      ; ON             ; AUTO_CARRY             ;
; IGNORE_CARRY_BUFFERS   ; OFF            ; IGNORE_CARRY           ;
; AUTO_CASCADE_CHAINS    ; ON             ; AUTO_CASCADE           ;
; IGNORE_CASCADE_BUFFERS ; OFF            ; IGNORE_CASCADE         ;
+------------------------+----------------+------------------------+
Note: In order to hide this table in the UI and the text report file, please set the "Show Parameter Settings Tables in Synthesis Report" option in "Analysis and Synthesis Settings -> More Settings" to "Off".


+-------------------------------+
; Analysis & Synthesis Messages ;
+-------------------------------+
Info: *******************************************************************
Info: Running Quartus II Analysis & Synthesis
    Info: Version 9.1 Build 350 03/24/2010 Service Pack 2 SJ Web Edition
    Info: Processing started: Sat Jan 07 17:26:38 2017
Info: Command: quartus_map --read_settings_files=on --write_settings_files=off LCD_Tetris -c LCD_Tetris
Info: Found 2 design units, including 1 entities, in source file lcd_tetris.vhd
    Info: Found design unit 1: LCD_Tetris-A
    Info: Found entity 1: LCD_Tetris
Info: Found 2 design units, including 1 entities, in source file bz.vhd
    Info: Found design unit 1: BZ-A
    Info: Found entity 1: BZ
Info: Elaborating entity "LCD_Tetris" for the top level hierarchy
Warning (10036): Verilog HDL or VHDL warning at LCD_Tetris.vhd(71): object "PIC_I" assigned a value but never read
Warning (10036): Verilog HDL or VHDL warning at LCD_Tetris.vhd(80): object "DRAW_DELAY" assigned a value but never read
Warning (10492): VHDL Process Statement warning at LCD_Tetris.vhd(95): signal "TURN" is read inside the Process Statement but isn't in the Process Statement's sensitivity list
Warning (10492): VHDL Process Statement warning at LCD_Tetris.vhd(95): signal "BLK" is read inside the Process Statement but isn't in the Process Statement's sensitivity list
Warning (10492): VHDL Process Statement warning at LCD_Tetris.vhd(96): signal "TURN" is read inside the Process Statement but isn't in the Process Statement's sensitivity list
Warning (10492): VHDL Process Statement warning at LCD_Tetris.vhd(96): signal "BLK" is read inside the Process Statement but isn't in the Process Statement's sensitivity list
Warning (10492): VHDL Process Statement warning at LCD_Tetris.vhd(97): signal "TURN" is read inside the Process Statement but isn't in the Process Statement's sensitivity list
Warning (10492): VHDL Process Statement warning at LCD_Tetris.vhd(97): signal "BLK" is read inside the Process Statement but isn't in the Process Statement's sensitivity list
Warning (10492): VHDL Process Statement warning at LCD_Tetris.vhd(98): signal "TURN" is read inside the Process Statement but isn't in the Process Statement's sensitivity list
Warning (10492): VHDL Process Statement warning at LCD_Tetris.vhd(98): signal "BLK" is read inside the Process Statement but isn't in the Process Statement's sensitivity list
Warning (10492): VHDL Process Statement warning at LCD_Tetris.vhd(100): signal "TURN" is read inside the Process Statement but isn't in the Process Statement's sensitivity list
Warning (10492): VHDL Process Statement warning at LCD_Tetris.vhd(100): signal "BLK" is read inside the Process Statement but isn't in the Process Statement's sensitivity list
Warning (10492): VHDL Process Statement warning at LCD_Tetris.vhd(101): signal "TURN" is read inside the Process Statement but isn't in the Process Statement's sensitivity list
Warning (10492): VHDL Process Statement warning at LCD_Tetris.vhd(101): signal "BLK" is read inside the Process Statement but isn't in the Process Statement's sensitivity list
Warning (10492): VHDL Process Statement warning at LCD_Tetris.vhd(102): signal "TURN" is read inside the Process Statement but isn't in the Process Statement's sensitivity list
Warning (10492): VHDL Process Statement warning at LCD_Tetris.vhd(102): signal "BLK" is read inside the Process Statement but isn't in the Process Statement's sensitivity list
Warning (10492): VHDL Process Statement warning at LCD_Tetris.vhd(103): signal "TURN" is read inside the Process Statement but isn't in the Process Statement's sensitivity list
Warning (10492): VHDL Process Statement warning at LCD_Tetris.vhd(103): signal "BLK" is read inside the Process Statement but isn't in the Process Statement's sensitivity list
Warning (10492): VHDL Process Statement warning at LCD_Tetris.vhd(108): signal "LOCK_CK" is read inside the Process Statement but isn't in the Process Statement's sensitivity list
Warning (10492): VHDL Process Statement warning at LCD_Tetris.vhd(136): signal "CK_10K" is read inside the Process Statement but isn't in the Process Statement's sensitivity list
Warning: Using design file lcm_pic.vhd, which is not specified as a design file for the current project, but contains definitions for 2 design units and 1 entities in project
    Info: Found design unit 1: LCM_PIC-A
    Info: Found entity 1: LCM_PIC
Info: Elaborating entity "LCM_PIC" for hierarchy "LCM_PIC:u0"
Warning (10492): VHDL Process Statement warning at lcm_pic.vhd(49): signal "LCM_WORD_IN_1" is read inside the Process Statement but isn't in the Process Statement's sensitivity list
Warning (10492): VHDL Process Statement warning at lcm_pic.vhd(49): signal "LCM_WORD_IN_13" is read inside the Process Statement but isn't in the Process Statement's sensitivity list
Warning (10492): VHDL Process Statement warning at lcm_pic.vhd(50): signal "LCM_WORD_IN_2" is read inside the Process Statement but isn't in the Process Statement's sensitivity list
Warning (10492): VHDL Process Statement warning at lcm_pic.vhd(50): signal "LCM_WORD_IN_14" is read inside the Process Statement but isn't in the Process Statement's sensitivity list
Warning (10492): VHDL Process Statement warning at lcm_pic.vhd(51): signal "LCM_WORD_IN_3" is read inside the Process Statement but isn't in the Process Statement's sensitivity list
Warning (10492): VHDL Process Statement warning at lcm_pic.vhd(51): signal "LCM_WORD_IN_15" is read inside the Process Statement but isn't in the Process Statement's sensitivity list
Warning (10492): VHDL Process Statement warning at lcm_pic.vhd(52): signal "LCM_WORD_IN_4" is read inside the Process Statement but isn't in the Process Statement's sensitivity list
Warning (10492): VHDL Process Statement warning at lcm_pic.vhd(52): signal "LCM_WORD_IN_16" is read inside the Process Statement but isn't in the Process Statement's sensitivity list
Warning (10492): VHDL Process Statement warning at lcm_pic.vhd(53): signal "LCM_WORD_IN_5" is read inside the Process Statement but isn't in the Process Statement's sensitivity list
Warning (10492): VHDL Process Statement warning at lcm_pic.vhd(53): signal "LCM_WORD_IN_17" is read inside the Process Statement but isn't in the Process Statement's sensitivity list
Warning (10492): VHDL Process Statement warning at lcm_pic.vhd(54): signal "LCM_WORD_IN_6" is read inside the Process Statement but isn't in the Process Statement's sensitivity list
Warning (10492): VHDL Process Statement warning at lcm_pic.vhd(54): signal "LCM_WORD_IN_18" is read inside the Process Statement but isn't in the Process Statement's sensitivity list
Warning (10492): VHDL Process Statement warning at lcm_pic.vhd(55): signal "LCM_WORD_IN_7" is read inside the Process Statement but isn't in the Process Statement's sensitivity list
Warning (10492): VHDL Process Statement warning at lcm_pic.vhd(55): signal "LCM_WORD_IN_19" is read inside the Process Statement but isn't in the Process Statement's sensitivity list
Warning (10492): VHDL Process Statement warning at lcm_pic.vhd(56): signal "LCM_WORD_IN_8" is read inside the Process Statement but isn't in the Process Statement's sensitivity list
Warning (10492): VHDL Process Statement warning at lcm_pic.vhd(56): signal "LCM_WORD_IN_20" is read inside the Process Statement but isn't in the Process Statement's sensitivity list
Warning (10492): VHDL Process Statement warning at lcm_pic.vhd(57): signal "LCM_WORD_IN_9" is read inside the Process Statement but isn't in the Process Statement's sensitivity list
Warning (10492): VHDL Process Statement warning at lcm_pic.vhd(57): signal "LCM_WORD_IN_21" is read inside the Process Statement but isn't in the Process Statement's sensitivity list
Warning (10492): VHDL Process Statement warning at lcm_pic.vhd(58): signal "LCM_WORD_IN_10" is read inside the Process Statement but isn't in the Process Statement's sensitivity list
Warning (10492): VHDL Process Statement warning at lcm_pic.vhd(58): signal "LCM_WORD_IN_22" is read inside the Process Statement but isn't in the Process Statement's sensitivity list
Warning (10492): VHDL Process Statement warning at lcm_pic.vhd(59): signal "LCM_WORD_IN_11" is read inside the Process Statement but isn't in the Process Statement's sensitivity list
Warning (10492): VHDL Process Statement warning at lcm_pic.vhd(59): signal "LCM_WORD_IN_23" is read inside the Process Statement but isn't in the Process Statement's sensitivity list
Warning (10492): VHDL Process Statement warning at lcm_pic.vhd(60): signal "LCM_WORD_IN_12" is read inside the Process Statement but isn't in the Process Statement's sensitivity list
Warning (10492): VHDL Process Statement warning at lcm_pic.vhd(60): signal "LCM_WORD_IN_24" is read inside the Process Statement but isn't in the Process Statement's sensitivity list
Warning (10492): VHDL Process Statement warning at lcm_pic.vhd(65): signal "CK_10K" is read inside the Process Statement but isn't in the Process Statement's sensitivity list
Warning (10034): Output port "DEBUG" at lcm_pic.vhd(11) has no driver
Info: Elaborating entity "BZ" for hierarchy "BZ:u1"
Info: Inferred 7 megafunctions from design logic
    Info: Inferred divider/modulo megafunction ("lpm_divide") from the following logic: "BZ:u1|Div0"
    Info: Inferred divider/modulo megafunction ("lpm_divide") from the following logic: "Div0"
    Info: Inferred divider/modulo megafunction ("lpm_divide") from the following logic: "Mod0"
    Info: Inferred divider/modulo megafunction ("lpm_divide") from the following logic: "Div1"
    Info: Inferred divider/modulo megafunction ("lpm_divide") from the following logic: "Mod1"
    Info: Inferred divider/modulo megafunction ("lpm_divide") from the following logic: "Div3"
    Info: Inferred divider/modulo megafunction ("lpm_divide") from the following logic: "Div2"
Info: Elaborated megafunction instantiation "BZ:u1|lpm_divide:Div0"
Info: Instantiated megafunction "BZ:u1|lpm_divide:Div0" with the following parameter:
    Info: Parameter "LPM_WIDTHN" = "25"
    Info: Parameter "LPM_WIDTHD" = "11"
    Info: Parameter "LPM_NREPRESENTATION" = "UNSIGNED"
    Info: Parameter "LPM_DREPRESENTATION" = "UNSIGNED"
Info: Found 1 design units, including 1 entities, in source file db/lpm_divide_7jm.tdf
    Info: Found entity 1: lpm_divide_7jm
Info: Found 1 design units, including 1 entities, in source file db/sign_div_unsign_8nh.tdf
    Info: Found entity 1: sign_div_unsign_8nh
Info: Found 1 design units, including 1 entities, in source file db/alt_u_div_r8f.tdf
    Info: Found entity 1: alt_u_div_r8f
Info: Found 1 design units, including 1 entities, in source file db/add_sub_unc.tdf
    Info: Found entity 1: add_sub_unc
Info: Found 1 design units, including 1 entities, in source file db/add_sub_vnc.tdf
    Info: Found entity 1: add_sub_vnc
Info: Elaborated megafunction instantiation "lpm_divide:Div0"
Info: Instantiated megafunction "lpm_divide:Div0" with the following parameter:
    Info: Parameter "LPM_WIDTHN" = "10"
    Info: Parameter "LPM_WIDTHD" = "7"
    Info: Parameter "LPM_NREPRESENTATION" = "UNSIGNED"
    Info: Parameter "LPM_DREPRESENTATION" = "UNSIGNED"
Info: Found 1 design units, including 1 entities, in source file db/lpm_divide_mhm.tdf
    Info: Found entity 1: lpm_divide_mhm
Info: Found 1 design units, including 1 entities, in source file db/sign_div_unsign_nlh.tdf
    Info: Found entity 1: sign_div_unsign_nlh
Info: Found 1 design units, including 1 entities, in source file db/alt_u_div_p5f.tdf
    Info: Found entity 1: alt_u_div_p5f
Info: Elaborated megafunction instantiation "lpm_divide:Mod0"
Info: Instantiated megafunction "lpm_divide:Mod0" with the following parameter:
    Info: Parameter "LPM_WIDTHN" = "10"
    Info: Parameter "LPM_WIDTHD" = "10"
    Info: Parameter "LPM_NREPRESENTATION" = "UNSIGNED"
    Info: Parameter "LPM_DREPRESENTATION" = "UNSIGNED"
Info: Found 1 design units, including 1 entities, in source file db/lpm_divide_3bm.tdf
    Info: Found entity 1: lpm_divide_3bm
Info: Found 1 design units, including 1 entities, in source file db/sign_div_unsign_1nh.tdf
    Info: Found entity 1: sign_div_unsign_1nh
Info: Found 1 design units, including 1 entities, in source file db/alt_u_div_d8f.tdf
    Info: Found entity 1: alt_u_div_d8f
Info: Elaborated megafunction instantiation "lpm_divide:Div1"
Info: Instantiated megafunction "lpm_divide:Div1" with the following parameter:
    Info: Parameter "LPM_WIDTHN" = "10"
    Info: Parameter "LPM_WIDTHD" = "4"
    Info: Parameter "LPM_NREPRESENTATION" = "UNSIGNED"
    Info: Parameter "LPM_DREPRESENTATION" = "UNSIGNED"
Info: Found 1 design units, including 1 entities, in source file db/lpm_divide_jhm.tdf
    Info: Found entity 1: lpm_divide_jhm
Info: Found 1 design units, including 1 entities, in source file db/sign_div_unsign_klh.tdf
    Info: Found entity 1: sign_div_unsign_klh
Info: Found 1 design units, including 1 entities, in source file db/alt_u_div_j5f.tdf
    Info: Found entity 1: alt_u_div_j5f
Info: Elaborated megafunction instantiation "lpm_divide:Mod1"
Info: Instantiated megafunction "lpm_divide:Mod1" with the following parameter:
    Info: Parameter "LPM_WIDTHN" = "10"
    Info: Parameter "LPM_WIDTHD" = "10"
    Info: Parameter "LPM_NREPRESENTATION" = "UNSIGNED"
    Info: Parameter "LPM_DREPRESENTATION" = "UNSIGNED"
Info: Elaborated megafunction instantiation "lpm_divide:Div3"
Info: Instantiated megafunction "lpm_divide:Div3" with the following parameter:
    Info: Parameter "LPM_WIDTHN" = "13"
    Info: Parameter "LPM_WIDTHD" = "6"
    Info: Parameter "LPM_NREPRESENTATION" = "UNSIGNED"
    Info: Parameter "LPM_DREPRESENTATION" = "UNSIGNED"
Info: Found 1 design units, including 1 entities, in source file db/lpm_divide_ohm.tdf
    Info: Found entity 1: lpm_divide_ohm
Info: Found 1 design units, including 1 entities, in source file db/sign_div_unsign_plh.tdf
    Info: Found entity 1: sign_div_unsign_plh
Info: Found 1 design units, including 1 entities, in source file db/alt_u_div_t5f.tdf
    Info: Found entity 1: alt_u_div_t5f
Info: Elaborated megafunction instantiation "lpm_divide:Div2"
Info: Instantiated megafunction "lpm_divide:Div2" with the following parameter:
    Info: Parameter "LPM_WIDTHN" = "5"
    Info: Parameter "LPM_WIDTHD" = "4"
    Info: Parameter "LPM_NREPRESENTATION" = "UNSIGNED"
    Info: Parameter "LPM_DREPRESENTATION" = "UNSIGNED"
Info: Found 1 design units, including 1 entities, in source file db/lpm_divide_7gm.tdf
    Info: Found entity 1: lpm_divide_7gm
Info: Found 1 design units, including 1 entities, in source file db/sign_div_unsign_8kh.tdf
    Info: Found entity 1: sign_div_unsign_8kh
Info: Found 1 design units, including 1 entities, in source file db/alt_u_div_r2f.tdf
    Info: Found entity 1: alt_u_div_r2f
Warning: Output pins are stuck at VCC or GND
    Warning (13410): Pin "RW" is stuck at GND
    Warning (13410): Pin "DEBUG[0]" is stuck at GND
    Warning (13410): Pin "DEBUG[1]" is stuck at GND
    Warning (13410): Pin "DEBUG[2]" is stuck at GND
    Warning (13410): Pin "DEBUG[3]" is stuck at GND
    Warning (13410): Pin "DEBUG[4]" is stuck at GND
    Warning (13410): Pin "DEBUG[5]" is stuck at GND
    Warning (13410): Pin "DEBUG[6]" is stuck at GND
    Warning (13410): Pin "DEBUG[7]" is stuck at GND
    Warning (13410): Pin "DEBUG_1[0]" is stuck at VCC
    Warning (13410): Pin "DEBUG_1[1]" is stuck at VCC
    Warning (13410): Pin "DEBUG_1[2]" is stuck at VCC
    Warning (13410): Pin "DEBUG_1[3]" is stuck at VCC
    Warning (13410): Pin "DEBUG_1[4]" is stuck at VCC
    Warning (13410): Pin "DEBUG_1[5]" is stuck at VCC
    Warning (13410): Pin "DEBUG_1[6]" is stuck at VCC
    Warning (13410): Pin "DEBUG_1[7]" is stuck at VCC
    Warning (13410): Pin "DEBUG_1[8]" is stuck at VCC
    Warning (13410): Pin "DEBUG_1[9]" is stuck at VCC
    Warning (13410): Pin "DEBUG_1[10]" is stuck at VCC
    Warning (13410): Pin "DEBUG_1[11]" is stuck at VCC
    Warning (13410): Pin "DEBUG_1[12]" is stuck at VCC
    Warning (13410): Pin "DEBUG_1[13]" is stuck at VCC
    Warning (13410): Pin "DEBUG_1[14]" is stuck at VCC
    Warning (13410): Pin "DEBUG_1[15]" is stuck at VCC
Info: Timing-Driven Synthesis is running
Info: Found the following redundant logic cells in design
    Info (17048): Logic cell "BZ:u1|lpm_divide:Div0|lpm_divide_7jm:auto_generated|sign_div_unsign_8nh:divider|alt_u_div_r8f:divider|add_sub_3_result_int[1]~6"
    Info (17048): Logic cell "BZ:u1|lpm_divide:Div0|lpm_divide_7jm:auto_generated|sign_div_unsign_8nh:divider|alt_u_div_r8f:divider|add_sub_4_result_int[1]~8"
Info: Implemented 11020 device resources after synthesis - the final resource count might be different
    Info: Implemented 5 input pins
    Info: Implemented 36 output pins
    Info: Implemented 10979 logic cells
Info: Quartus II Analysis & Synthesis was successful. 0 errors, 73 warnings
    Info: Peak virtual memory: 289 megabytes
    Info: Processing ended: Sat Jan 07 17:28:07 2017
    Info: Elapsed time: 00:01:29
    Info: Total CPU time (on all processors): 00:01:27


